// Jest Snapshot v1, https://goo.gl/fbAQLP

exports[`should match snapshot of non winning game 1`] = `
<DocumentFragment>
  <table>
    <tbody>
      <tr>
        <td
          class="Cell Cell-lit"
          id="00"
        />
        <td
          class="Cell Cell-lit"
          id="01"
        />
        <td
          class="Cell Cell-lit"
          id="02"
        />
      </tr>
      <tr>
        <td
          class="Cell Cell-lit"
          id="10"
        />
        <td
          class="Cell Cell-lit"
          id="11"
        />
        <td
          class="Cell Cell-lit"
          id="12"
        />
      </tr>
      <tr>
        <td
          class="Cell Cell-lit"
          id="20"
        />
        <td
          class="Cell Cell-lit"
          id="21"
        />
        <td
          class="Cell Cell-lit"
          id="22"
        />
      </tr>
    </tbody>
  </table>
</DocumentFragment>
`;

exports[`should match snapshot of winning game 1`] = `
<DocumentFragment>
  <div>
    <h1>
      You Win!
    </h1>
  </div>
</DocumentFragment>
`;
